Traceback (most recent call last):
  File "/fs/classhomes/mukunds/Tool-Call-Decision-Making/Probe Baselines/run_probe.py", line 161, in <module>
    main()
  File "/fs/classhomes/mukunds/Tool-Call-Decision-Making/Probe Baselines/run_probe.py", line 157, in main
    probe_main(build_probe_argv(args))
  File "/fs/classhomes/mukunds/Tool-Call-Decision-Making/Probe Baselines/w2c_probe.py", line 1087, in main
    tokenizer, model = load_tokenizer_and_model(args)
  File "/fs/classhomes/mukunds/Tool-Call-Decision-Making/Probe Baselines/w2c_probe.py", line 402, in load_tokenizer_and_model
    tokenizer = AutoTokenizer.from_pretrained(
  File "/fs/classhomes/mukunds/Tool-Call-Decision-Making/.venv/lib/python3.10/site-packages/transformers/models/auto/tokenization_auto.py", line 816, in from_pretrained
    return tokenizer_class.from_pretrained(pretrained_model_name_or_path, *inputs, **kwargs)
  File "/fs/classhomes/mukunds/Tool-Call-Decision-Making/.venv/lib/python3.10/site-packages/transformers/tokenization_utils_base.py", line 1729, in from_pretrained
    return cls._from_pretrained(
  File "/fs/classhomes/mukunds/Tool-Call-Decision-Making/.venv/lib/python3.10/site-packages/transformers/tokenization_utils_base.py", line 1918, in _from_pretrained
    tokenizer = cls(*init_inputs, **init_kwargs)
  File "/fs/classhomes/mukunds/Tool-Call-Decision-Making/.venv/lib/python3.10/site-packages/transformers/tokenization_utils_tokenizers.py", line 376, in __init__
    raise ValueError(
ValueError: Couldn't instantiate the backend tokenizer from one of: 
(1) a `tokenizers` library serialization file, 
(2) a slow tokenizer instance to convert or 
(3) an equivalent slow tokenizer class to instantiate and convert. 
You need to have sentencepiece or tiktoken installed to convert a slow tokenizer to a fast one.
